DEBUG:root:START this minute 01-22
